2026/09/24 08:45:35 Server started at http://0.0.0.0:8089
├─ REST API:  http://0.0.0.0:8089/api/
└─ Dashboard: http://0.0.0.0:8089/_/
2026/09/24 08:46:01 [GRAVY HUB] Actualizado acceso UCA para: admin@contaco.com
2026/09/24 08:46:02 [GRAVY HUB] Actualizado acceso UCA para: julian_piano@hotmail.com
2026/09/24 08:46:02 [GRAVY HUB] Actualizado acceso UCA para: caja1bog@gravy.com
2026/09/24 08:46:02 [GRAVY HUB] Actualizado acceso UCA para: admin@gravy.com
2026/09/24 08:46:02 [GRAVY HUB] Actualizado acceso UCA para: auxiliar1@domestiko.com
2026/09/24 08:46:02 [GRAVY HUB] Actualizado acceso UCA para: vendedor1@gravy.com
2026/09/24 08:46:02 [GRAVY HUB] Actualizado acceso UCA para: admin@contaco.com
2026/09/24 08:46:04 [GRAVY HUB] Actualizado acceso UCA para: admin@contaco.com
2026/09/24 08:46:04 [GRAVY HUB] Actualizado acceso UCA para: admin@contaco.com
2026/09/24 08:46:04 [GRAVY HUB] Actualizado acceso UCA para: cmartinez@gravy.com
2026/09/24 08:46:04 [GRAVY HUB] Actualizado acceso UCA para: cmartinez@gravy.com
2026/09/24 08:46:04 [GRAVY HUB] Actualizado acceso UCA para: bortega@gravy.com
2026/09/24 08:46:05 [GRAVY HUB] Actualizado acceso UCA para: bortega@gravy.com
2026/09/24 08:46:05 [GRAVY HUB] Actualizado acceso UCA para: amoncada@gravy.com
2026/09/24 08:46:05 [GRAVY HUB] Actualizado acceso UCA para: amoncada@gravy.com
2026/09/24 08:46:05 [GRAVY HUB] Actualizado acceso UCA para: agarcia@gravy.com
2026/09/24 08:46:05 [GRAVY HUB] Actualizado acceso UCA para: agarcia@gravy.com
2026/09/24 08:46:05 [GRAVY HUB] Actualizado acceso UCA para: caldana@gravy.com
2026/09/24 08:46:05 [GRAVY HUB] Actualizado acceso UCA para: caldana@gravy.com
2026/09/24 08:46:05 [GRAVY HUB] Actualizado acceso UCA para: jcaicedo@gravy.com
2026/09/24 08:46:05 [GRAVY HUB] Actualizado acceso UCA para: jcaicedo@gravy.com
2026/09/24 08:46:05 [GRAVY HUB] Actualizado acceso UCA para: cgarcia@gravy.com
2026/09/24 08:46:05 [GRAVY HUB] Actualizado acceso UCA para: cgarcia@gravy.com
2026/09/24 08:46:06 [GRAVY HUB] Actualizado acceso UCA para: areyes@gravy.com
2026/09/24 08:46:06 [GRAVY HUB] Actualizado acceso UCA para: areyes@gravy.com
2026/09/24 08:46:06 [GRAVY HUB] Actualizado acceso UCA para: kfranco@gravy.com
2026/09/24 08:46:06 [GRAVY HUB] Actualizado acceso UCA para: kfranco@gravy.com
2026/09/24 08:46:06 [GRAVY HUB] Actualizado acceso UCA para: ycalle@gravy.com
2026/09/24 08:46:06 [GRAVY HUB] Actualizado acceso UCA para: ycalle@gravy.com
2026/09/24 09:21:16 [GRAVY HUB] Actualizado acceso UCA para: admin@contaco.com
2026/09/24 09:21:16 [GRAVY HUB] Actualizado acceso UCA para: cmartinez@gravy.com
2026/09/24 09:21:16 [GRAVY HUB] Actualizado acceso UCA para: bortega@gravy.com
2026/09/24 09:21:17 [GRAVY HUB] Actualizado acceso UCA para: amoncada@gravy.com
2026/09/24 09:21:17 [GRAVY HUB] Actualizado acceso UCA para: agarcia@gravy.com
2026/09/24 09:21:17 [GRAVY HUB] Actualizado acceso UCA para: caldana@gravy.com
2026/09/24 09:21:17 [GRAVY HUB] Actualizado acceso UCA para: jcaicedo@gravy.com
2026/09/24 09:21:17 [GRAVY HUB] Actualizado acceso UCA para: cgarcia@gravy.com
2026/09/24 09:21:18 [GRAVY HUB] Actualizado acceso UCA para: areyes@gravy.com
2026/09/24 09:21:18 [GRAVY HUB] Actualizado acceso UCA para: kfranco@gravy.com
2026/09/24 09:21:18 [GRAVY HUB] Actualizado acceso UCA para: ycalle@gravy.com
2026/09/24 09:21:58 [GRAVY HUB] Actualizado acceso UCA para: admin@contaco.com
2026/09/24 09:21:58 [GRAVY HUB] Actualizado acceso UCA para: cmartinez@gravy.com
2026/09/24 09:21:58 [GRAVY HUB] Actualizado acceso UCA para: bortega@gravy.com
2026/09/24 09:21:58 [GRAVY HUB] Actualizado acceso UCA para: amoncada@gravy.com
2026/09/24 09:21:59 [GRAVY HUB] Actualizado acceso UCA para: agarcia@gravy.com
2026/09/24 09:21:59 [GRAVY HUB] Actualizado acceso UCA para: caldana@gravy.com
2026/09/24 09:21:59 [GRAVY HUB] Actualizado acceso UCA para: jcaicedo@gravy.com
2026/09/24 09:21:59 [GRAVY HUB] Actualizado acceso UCA para: cgarcia@gravy.com
2026/09/24 09:22:00 [GRAVY HUB] Actualizado acceso UCA para: areyes@gravy.com
2026/09/24 09:22:00 [GRAVY HUB] Actualizado acceso UCA para: kfranco@gravy.com
2026/09/24 09:22:00 [GRAVY HUB] Actualizado acceso UCA para: ycalle@gravy.com
2026/09/24 09:25:31 [GRAVY HUB] Actualizado acceso UCA para: admin@contaco.com
2026/09/24 09:25:31 [GRAVY HUB] Actualizado acceso UCA para: cmartinez@gravy.com
2026/09/24 09:25:32 [GRAVY HUB] Actualizado acceso UCA para: bortega@gravy.com
2026/09/24 09:25:32 [GRAVY HUB] Actualizado acceso UCA para: amoncada@gravy.com
2026/09/24 09:25:32 [GRAVY HUB] Actualizado acceso UCA para: agarcia@gravy.com
2026/09/24 09:25:32 [GRAVY HUB] Actualizado acceso UCA para: caldana@gravy.com
2026/09/24 09:25:32 [GRAVY HUB] Actualizado acceso UCA para: jcaicedo@gravy.com
2026/09/24 09:25:32 [GRAVY HUB] Actualizado acceso UCA para: cgarcia@gravy.com
2026/09/24 09:25:33 [GRAVY HUB] Actualizado acceso UCA para: areyes@gravy.com
2026/09/24 09:25:33 [GRAVY HUB] Actualizado acceso UCA para: kfranco@gravy.com
2026/09/24 09:25:33 [GRAVY HUB] Actualizado acceso UCA para: ycalle@gravy.com
2026/09/24 09:26:38 [GRAVY HUB] Actualizado acceso UCA para: admin@contaco.com
2026/09/24 09:26:39 [GRAVY HUB] Actualizado acceso UCA para: cmartinez@gravy.com
2026/09/24 09:26:39 [GRAVY HUB] Actualizado acceso UCA para: bortega@gravy.com
2026/09/24 09:26:39 [GRAVY HUB] Actualizado acceso UCA para: amoncada@gravy.com
2026/09/24 09:26:39 [GRAVY HUB] Actualizado acceso UCA para: agarcia@gravy.com
2026/09/24 09:26:40 [GRAVY HUB] Actualizado acceso UCA para: caldana@gravy.com
2026/09/24 09:26:40 [GRAVY HUB] Actualizado acceso UCA para: jcaicedo@gravy.com
2026/09/24 09:26:40 [GRAVY HUB] Actualizado acceso UCA para: cgarcia@gravy.com
2026/09/24 09:26:40 [GRAVY HUB] Actualizado acceso UCA para: areyes@gravy.com
2026/09/24 09:26:41 [GRAVY HUB] Actualizado acceso UCA para: kfranco@gravy.com
2026/09/24 09:26:41 [GRAVY HUB] Actualizado acceso UCA para: ycalle@gravy.com
