2026/09/24 09:49:22 [GRAVY] La colección payroll_novelties ya existe.
2026/09/24 09:49:22 [GRAVY] La colección electronic_payrolls ya existe.
2026/09/24 09:49:22 [GRAVY] La colección payroll_documents ya existe.
2026/09/24 09:49:22 [GRAVY-IMPORTACIONES] Migración de importaciones completada.
2026/09/24 09:49:22 [GRAVY-PATCH] Reglas actualizadas: pos_shifts
2026/09/24 09:49:22 [GRAVY-PATCH] Reglas actualizadas: invoices
2026/09/24 09:49:23 [GRAVY-PATCH] Reglas actualizadas: invoice_lines
2026/09/24 09:49:23 [GRAVY-PATCH] Reglas actualizadas: transactions
2026/09/24 09:49:23 [GRAVY-PATCH] Reglas actualizadas: tx_lines
2026/09/24 09:49:23 [GRAVY-PATCH] Reglas actualizadas: inventory_movements
2026/09/24 09:49:23 [GRAVY-PATCH] Reglas actualizadas: inventory_movement_lines
2026/09/24 09:49:23 [GRAVY-PATCH] Reglas actualizadas: inventory_stock
2026/09/24 09:49:23 [GRAVY-PATCH] Reglas actualizadas: inventory_lots
2026/09/24 09:49:24 [GRAVY-PATCH] Reglas actualizadas: inventory_pallets
2026/09/24 09:49:24 [GRAVY-PATCH] Reglas actualizadas: sales_orders
2026/09/24 09:49:24 [GRAVY-PATCH] Reglas actualizadas: sales_order_lines
2026/09/24 09:49:24 [GRAVY-PATCH] Reglas actualizadas: settings
2026/09/24 09:49:24 [GRAVY-PATCH] Reglas actualizadas: third_parties
2026/09/24 09:49:24 [GRAVY-PATCH] Reglas actualizadas: products
2026/09/24 09:49:24 [GRAVY-PATCH] Reglas actualizadas: warehouses
2026/09/24 09:49:24 [GRAVY-PATCH] Reglas actualizadas: accounts
2026/09/24 09:49:25 [GRAVY-PATCH] Reglas actualizadas: purchase_orders
2026/09/24 09:49:25 [GRAVY-PATCH] Aviso (purchase_lines): GoError: sql: no rows in result set
2026/09/24 09:49:25 [GRAVY-PATCH] Reglas actualizadas: purchase_invoices
2026/09/24 09:49:25 [GRAVY-PATCH] Reglas actualizadas: purchase_invoice_lines
2026/09/24 09:49:25 [GRAVY-PATCH] Reglas actualizadas: transaction_types
2026/09/24 09:49:25 [GRAVY-PATCH] Reglas actualizadas: payroll_periods
2026/09/24 09:49:26 [GRAVY-PATCH] Reglas actualizadas: payroll_lines
2026/09/24 09:49:26 [GRAVY-PATCH] Reglas actualizadas: payroll_novelties
2026/09/24 09:49:26 [GRAVY-PATCH] Reglas actualizadas: electronic_payrolls
2026/09/24 09:49:26 [GRAVY-PATCH] Reglas actualizadas: payroll_documents
2026/09/24 09:49:27 [GRAVY-PATCH] Reglas actualizadas: bank_accounts
2026/09/24 09:49:27 [GRAVY-PATCH] Reglas actualizadas: bank_movements
2026/09/24 09:49:27 [GRAVY-PATCH] Reglas actualizadas: inmo_properties
2026/09/24 09:49:27 [GRAVY-PATCH] Reglas actualizadas: inmo_contracts
2026/09/24 09:49:27 [GRAVY-PATCH] Reglas actualizadas: inmo_invoices
2026/09/24 09:49:28 [GRAVY-PATCH] Reglas actualizadas: inmo_invoice_lines
2026/09/24 09:49:28 [GRAVY-PATCH] Reglas actualizadas: inmo_property_history
2026/09/24 09:49:28 [GRAVY-PATCH] Reglas de lectura de users actualizadas.
2026/09/24 09:49:28 [GRAVY-PATCH] Reglas de lectura actualizadas para: products
2026/09/24 09:49:28 [GRAVY-PATCH] Reglas de lectura actualizadas para: clientes
2026/09/24 09:49:28 [GRAVY-PATCH] Reglas de lectura actualizadas para: listas_precios
2026/09/24 09:49:29 [GRAVY-PATCH] Reglas de lectura actualizadas para: precios_producto
2026/09/24 09:49:29 [GRAVY-PATCH] Reglas de lectura actualizadas para: third_parties
2026/09/24 09:49:29 [GRAVY-PATCH] Reglas de lectura de audit_log actualizadas.
2026/09/24 09:49:29 [GRAVY-PATCH] patch_collection_rules completado.
2026/09/24 09:49:29 [GRAVY] patch_settings_rules: Reglas de settings actualizadas correctamente.
2026/09/24 09:49:29 [GRAVY-VENTAS] Migración de Ventas y POS completada.
2026/09/24 09:49:29 [GRAVY-PEDIDOS] Migración de Pedidos y Cotizaciones completa.
2026/09/24 09:49:29 [GRAVY SYNC] Sincronizando 11 usuarios existentes con el HUB...
2026/09/24 09:49:29 [GRAVY SYNC] Sincronización legacy exitosa para admin@contaco.com (contraseña local alineada con el HUB)
2026/09/24 09:49:30 [GRAVY SYNC] Sincronización legacy exitosa para cmartinez@gravy.com (contraseña local alineada con el HUB)
2026/09/24 09:49:30 [GRAVY SYNC] Sincronización legacy exitosa para bortega@gravy.com (contraseña local alineada con el HUB)
2026/09/24 09:49:30 [GRAVY SYNC] Sincronización legacy exitosa para amoncada@gravy.com (contraseña local alineada con el HUB)
2026/09/24 09:49:31 [GRAVY SYNC] Sincronización legacy exitosa para agarcia@gravy.com (contraseña local alineada con el HUB)
2026/09/24 09:49:31 [GRAVY SYNC] Sincronización legacy exitosa para caldana@gravy.com (contraseña local alineada con el HUB)
2026/09/24 09:49:31 [GRAVY SYNC] Sincronización legacy exitosa para jcaicedo@gravy.com (contraseña local alineada con el HUB)
2026/09/24 09:49:31 [GRAVY SYNC] Sincronización legacy exitosa para cgarcia@gravy.com (contraseña local alineada con el HUB)
2026/09/24 09:49:32 [GRAVY SYNC] Sincronización legacy exitosa para areyes@gravy.com (contraseña local alineada con el HUB)
2026/09/24 09:49:32 [GRAVY SYNC] Sincronización legacy exitosa para kfranco@gravy.com (contraseña local alineada con el HUB)
2026/09/24 09:49:32 [GRAVY SYNC] Sincronización legacy exitosa para ycalle@gravy.com (contraseña local alineada con el HUB)
2026/09/24 09:49:32 [GRAVY] Migración third_parties completada: campos nuevos agregados.
2026/09/24 09:49:32 [GRAVY] Migración transaction_types: índice actualizado a UNIQUE(code, prefix).
2026/09/24 09:49:32 [GRAVY-PRELIQ] Aviso al extender import_simulations con autodate: GoError: SQL logic error: error in table import_simulations after rename: duplicate column name: created (1)
2026/09/24 09:49:33 [GRAVY-PRELIQ] Aviso al extender import_simulation_lines con autodate: GoError: SQL logic error: error in table import_simulation_lines after rename: duplicate column name: created (1)
2026/09/24 09:49:33 [GRAVY] Actualizadas reglas de la colección cash_concepts.
2026/09/24 09:49:34 THIRD_PARTIES FIELD NAMES:
2026/09/24 09:49:34 - id
2026/09/24 09:49:34 - type
2026/09/24 09:49:34 - doc_type
2026/09/24 09:49:34 - doc_number
2026/09/24 09:49:34 - dv
2026/09/24 09:49:34 - name
2026/09/24 09:49:34 - commercial_name
2026/09/24 09:49:34 - email
2026/09/24 09:49:34 - phone
2026/09/24 09:49:34 - address
2026/09/24 09:49:34 - city
2026/09/24 09:49:34 - department
2026/09/24 09:49:34 - country
2026/09/24 09:49:34 - tax_regime
2026/09/24 09:49:34 - is_retention_agent
2026/09/24 09:49:34 - bank_name
2026/09/24 09:49:34 - bank_account
2026/09/24 09:49:34 - contact_name
2026/09/24 09:49:34 - contact_phone
2026/09/24 09:49:34 - notes
2026/09/24 09:49:34 - active
2026/09/24 09:49:34 - person_type
2026/09/24 09:49:34 - first_name
2026/09/24 09:49:34 - last_name
2026/09/24 09:49:34 - business_name
2026/09/24 09:49:34 - city_code
2026/09/24 09:49:34 - dept_code
2026/09/24 09:49:34 - advisor
2026/09/24 09:49:34 - phone2
2026/09/24 09:49:34 - email2
2026/09/24 09:49:34 - credit_limit
2026/09/24 09:49:34 - max_invoices
2026/09/24 09:49:34 - payment_days
2026/09/24 09:49:34 - ciiu
2026/09/24 09:49:34 - tfe
2026/09/24 09:49:34 - tfc
2026/09/24 09:49:34 - rf
2026/09/24 09:49:34 - prf
2026/09/24 09:49:34 - pi
2026/09/24 09:49:34 - piv
2026/09/24 09:49:34 - gc
2026/09/24 09:49:34 - ar
2026/09/24 09:49:34 - ei
2026/09/24 09:49:34 - resp
2026/09/24 09:49:34 - gcm
2026/09/24 09:49:34 - rut_pdf
2026/09/24 09:49:34 - geo_lat
2026/09/24 09:49:34 - geo_lng
2026/09/24 09:49:34 - geo_radius
2026/09/24 09:49:34 - bank_account_type
2026/09/24 09:49:34 - payment_method
2026/09/24 09:49:34 THIRD_PARTIES RECORD COUNT: 5
2026/09/24 09:49:34 TP Record 0: id=89iwncs33camw8z, name=DEPTO DEL VALLE DEL CAUCA, type=PROVEEDOR
2026/09/24 09:49:34 TP Record 1: id=oahhdhl3kv1e2k4, name=IMAGIQ SAS, type=PROVEEDOR
2026/09/24 09:49:34 TP Record 2: id=d8hi6a79lgosp15, name=LA RECETA Y CIA SAS, type=PROVEEDOR
2026/09/24 09:49:34 TP Record 3: id=w9v4ovfieb7pxeh, name=INTERWORLD FREIGHT SAS, type=PROVEEDOR
2026/09/24 09:49:34 TP Record 4: id=55ejtipq61b0lz2, name=ANGELA MARIA REYES SARRIA, type=PROVEEDOR
2026/09/24 09:49:34 CLIENTES RECORD COUNT: 0
2026/09/24 09:49:35 [GRAVY-IMPORT-CONSOLIDADO] Aviso al extender imports: GoError: SQL logic error: error in table imports after rename: duplicate column name: is_consolidated (1)
2026/09/24 09:49:35 [GRAVY-IMPORT-CONSOLIDADO] Migración de importaciones consolidadas completada con éxito.
2026/09/24 09:49:35 [GRAVY-PH] Reglas de settings sincronizadas con canWrite.
2026/09/24 09:49:35 [GRAVY-PH] Colección ph_properties actualizada: reglas/campos sincronizados.
2026/09/24 09:49:35 [GRAVY-PH] Aviso al asegurar concepto MORA: GoError: amount: cannot be blank.
2026/09/24 09:49:36 [GRAVY-PH] Colección ph_invoices actualizada: reglas y campos de email sincronizados.
2026/09/24 09:49:36 [GRAVY-PH] Colección ph_invoice_lines actualizada: reglas/campos sincronizados.
2026/09/24 09:49:36 [GRAVY-PH] Reglas sincronizadas (canWrite) en colecciones de configuración PH: 4
2026/09/24 09:49:36 [GRAVY-PH] Reglas sincronizadas (canWrite) en colecciones de facturación PH: 2
2026/09/24 09:49:37 [GRAVY-PH] ph_pqrs sincronizada (create para propietarios + campo evidences).
2026/09/24 09:49:37 [GRAVY-PH] Reglas sincronizadas para ph_reservations (create habilitado para usuarios autenticados).
2026/09/24 09:49:37 [GRAVY-PH] Migración Copropiedades completada.
2026/09/24 09:49:37 [GRAVY-INMO] Migración Inmobiliaria completada.
2026/09/24 09:49:37 [GRAVY-CRM-LOGISTICA] Migración de CRM y Logística/Despachos completada.
2026/09/24 09:49:37 [GRAVY-NIIF] Creando colección niif_leases...
2026/09/24 09:49:37 [GRAVY-VENTAS-MULTIBODEGA] Inicialización y migración multi-bodega completada.
2026/09/24 09:49:37 [GRAVY] La colección payroll_settlements ya existe.
2026/09/24 09:49:37 [GRAVY] Reglas de users actualizadas.
2026/09/24 09:49:37 [GRAVY] Reglas de eliminación de transactions actualizadas (Superadmin habilitado).
2026/09/24 09:49:37 [GRAVY] Reglas de eliminación de inventory_movements actualizadas.
2026/09/24 09:49:37 [GRAVY] Reglas de eliminación de inventory_movement_lines actualizadas.
2026/09/24 09:49:37 [GRAVY-RESERVAS-IMPORT] Migracion de reservas de importacion completada.
2026/09/24 09:49:38 [GRAVY-IMPORT-REOPEN] Error en migración: GoError: SQL logic error: error in table imports after rename: duplicate column name: reopened_count (1)
Error: listen tcp 0.0.0.0:8090: bind: Solo se permite un uso de cada dirección de socket (protocolo/dirección de red/puerto)
